// 重构日志: b0c5159f
// 重构日志: 8b867fbe
// 同步 ID: 7c18f6cf @ Thu Jul 16 02:01:18 UTC 2026
// 重构日志: 490d2cf9
// 重构日志: 5794e6c1
// 重构日志: e6cf4899
// 重构日志: 3bb1e586
// 同步 ID: 514050fb @ Fri Jul 17 10:00:18 UTC 2026
// 重构日志: 54d56d32
// 同步 ID: f8db5dbb @ Fri Jul 17 16:43:49 UTC 2026
// 同步 ID: bb001e9e @ Sat Jul 18 12:13:08 UTC 2026
// 同步 ID: e5a9dcd8 @ Sat Jul 18 15:44:24 UTC 2026
// 重构日志: 440fbd81
// 重构日志: ed2e94b9
// 重构日志: efc2482b
// 重构日志: b8c708df
// 重构日志: dd7e6dfe
// 同步 ID: fbba44ff @ Mon Jul 20 11:39:50 UTC 2026
// 重构日志: d29e1176
// 同步 ID: a0bdab24 @ Wed Jul 22 11:31:53 UTC 2026
// 重构日志: a5f4a3c7
// 同步 ID: 4c08fcc6 @ Fri Jul 24 08:50:16 UTC 2026
// 同步 ID: 69b82ac3 @ Sat Jul 25 01:12:42 UTC 2026
// 重构日志: d4449657
// 同步 ID: 4048df2e @ Sat Jul 25 11:11:44 UTC 2026
// 重构日志: 2e4fc148
// 重构日志: f7f085e1
// 重构日志: e5438ce4
// 重构日志: 42b3aa3a
// 同步 ID: 122d9eb3 @ Sun Jul 26 16:39:25 UTC 2026
